node.exe : npm warn Unknown env config "devdir". This will stop working in the next major version of npm. See `npm 
help npmrc` for supported config options.
At line:1 char:1
+ & "C:\Program Files\nodejs/node.exe" "C:\Program Files\nodejs/node_mo ...
+ ~~~~~~~~~~~~~~~~~~~~~~~~~~~~~~~~~~~~~~~~~~~~~~~~~~~~~~~~~~~~~~~~~~~~~
    + CategoryInfo          : NotSpecified: (npm warn Unknow...config options.:String) [], RemoteException
    + FullyQualifiedErrorId : NativeCommandError
 

> labella@0.1.0 build
> next build

  Γû▓ Next.js 14.2.35
  - Environments: .env.local

   Creating an optimized production build ...
<w> [webpack.cache.PackFileCacheStrategy] Serializing big strings (106kiB) impacts deserialization performance 
(consider using Buffer instead and decode when needed)
<w> [webpack.cache.PackFileCacheStrategy] Serializing big strings (253kiB) impacts deserialization performance 
(consider using Buffer instead and decode when needed)
 Γ£ô Compiled successfully
   Linting and checking validity of types ...
   Collecting page data ...
   Generating static pages (0/15) ...
   Generating static pages (3/15) 
   Generating static pages (7/15) 
   Generating static pages (11/15) 
 Γ£ô Generating static pages (15/15)
   Finalizing page optimization ...
   Collecting build traces ...

Route (app)                                       Size     First Load JS
Γöî ╞Æ /                                             171 B          87.4 kB
Γö£ ╞Æ /_not-found                                   876 B          88.1 kB
Γö£ ╞Æ /admin                                        14 kB           243 kB
Γö£ ╞Æ /admin/quizzes                                8.74 kB         224 kB
Γö£ ╞Æ /dashboard                                    4.64 kB         142 kB
Γö£ ╞Æ /learn/[language]                             2.79 kB         137 kB
Γö£ ╞Æ /learn/[language]/[level]                     3.74 kB         138 kB
Γö£ ╞Æ /learn/[language]/[level]/[category]          3.19 kB         143 kB
Γö£ ╞Æ /lesson/[id]                                  3.76 kB         148 kB
Γö£ ╞Æ /login                                        3.86 kB         179 kB
Γö£ ╞Æ /menu                                         3.74 kB         138 kB
Γö£ ╞Æ /pricing                                      3.96 kB         175 kB
Γö£ ╞Æ /profile                                      2.36 kB         137 kB
Γö£ ╞Æ /quiz/[quiz_id]                               6.43 kB         186 kB
Γö£ ╞Æ /quizzes                                      171 B          87.4 kB
Γö£ ╞Æ /quizzes/browse                               3 kB            137 kB
Γö£ ╞Æ /quizzes/browse/[language]                    1.93 kB         136 kB
Γö£ ╞Æ /quizzes/browse/[language]/[level]            2.55 kB         137 kB
Γö£ ╞Æ /quizzes/browse/[language]/[level]/[section]  2.58 kB         137 kB
Γöö ╞Æ /sign-up                                      3.18 kB         178 kB
+ First Load JS shared by all                     87.3 kB
  Γö£ chunks/2117-79a1d819cbaec252.js               31.7 kB
  Γö£ chunks/fd9d1056-084f3c7ba74d7b42.js           53.6 kB
  Γöö other shared chunks (total)                   1.9 kB


╞Æ Middleware                                      83.9 kB

╞Æ  (Dynamic)  server-rendered on demand

